{
  "version": "1.5.0",
  "plugins_used": [
    {
      "name": "ArtifactoryDetector"
    },
    {
      "name": "AWSKeyDetector"
    },
    {
      "name": "AzureStorageKeyDetector"
    },
    {
      "name": "Base64HighEntropyString",
      "limit": 4.5
    },
    {
      "name": "BasicAuthDetector"
    },
    {
      "name": "CloudantDetector"
    },
    {
      "name": "DiscordBotTokenDetector"
    },
    {
      "name": "GitHubTokenDetector"
    },
    {
      "name": "GitLabTokenDetector"
    },
    {
      "name": "HexHighEntropyString",
      "limit": 3.0
    },
    {
      "name": "IbmCloudIamDetector"
    },
    {
      "name": "IbmCosHmacDetector"
    },
    {
      "name": "IPPublicDetector"
    },
    {
      "name": "JwtTokenDetector"
    },
    {
      "name": "KeywordDetector",
      "keyword_exclude": ""
    },
    {
      "name": "MailchimpDetector"
    },
    {
      "name": "NpmDetector"
    },
    {
      "name": "OpenAIDetector"
    },
    {
      "name": "PrivateKeyDetector"
    },
    {
      "name": "PypiTokenDetector"
    },
    {
      "name": "SendGridDetector"
    },
    {
      "name": "SlackDetector"
    },
    {
      "name": "SoftlayerDetector"
    },
    {
      "name": "SquareOAuthDetector"
    },
    {
      "name": "StripeDetector"
    },
    {
      "name": "TelegramBotTokenDetector"
    },
    {
      "name": "TwilioKeyDetector"
    }
  ],
  "filters_used": [
    {
      "path": "detect_secrets.filters.allowlist.is_line_allowlisted"
    },
    {
      "path": "detect_secrets.filters.common.is_ignored_due_to_verification_policies",
      "min_level": 2
    },
    {
      "path": "detect_secrets.filters.heuristic.is_indirect_reference"
    },
    {
      "path": "detect_secrets.filters.heuristic.is_likely_id_string"
    },
    {
      "path": "detect_secrets.filters.heuristic.is_lock_file"
    },
    {
      "path": "detect_secrets.filters.heuristic.is_not_alphanumeric_string"
    },
    {
      "path": "detect_secrets.filters.heuristic.is_potential_uuid"
    },
    {
      "path": "detect_secrets.filters.heuristic.is_prefixed_with_dollar_sign"
    },
    {
      "path": "detect_secrets.filters.heuristic.is_sequential_string"
    },
    {
      "path": "detect_secrets.filters.heuristic.is_swagger_file"
    },
    {
      "path": "detect_secrets.filters.heuristic.is_templated_secret"
    },
    {
      "path": "detect_secrets.filters.regex.should_exclude_file",
      "pattern": [
        "^uv\\.lock$|^\\.git/|^Vincent's Code/|^data/|^ThomasHossen/|^Test Lenny/|^\\.claude/"
      ]
    }
  ],
  "results": {
    "apps/frontend/tests/test_booking_api.py": [
      {
        "type": "Secret Keyword",
        "filename": "apps/frontend/tests/test_booking_api.py",
        "hashed_secret": "530dbdcc1ab53ceb740b896aaf613dc74d6657d1",
        "is_verified": false,
        "line_number": 33
      },
      {
        "type": "Secret Keyword",
        "filename": "apps/frontend/tests/test_booking_api.py",
        "hashed_secret": "8c89ea6b5c7318e9a7ad562226bcbdf3e6e364b1",
        "is_verified": false,
        "line_number": 67
      },
      {
        "type": "Secret Keyword",
        "filename": "apps/frontend/tests/test_booking_api.py",
        "hashed_secret": "a4b48a81cdab1e1a5dd37907d6c85ca1c61ddc7c",
        "is_verified": false,
        "line_number": 115
      }
    ],
    "notebooks/demo_pipeline_ibkr.ipynb": [
      {
        "type": "Hex High Entropy String",
        "filename": "notebooks/demo_pipeline_ibkr.ipynb",
        "hashed_secret": "710c91edd7984b025f47830ec2ba0506894eed3f",
        "is_verified": false,
        "line_number": 5
      },
      {
        "type": "Hex High Entropy String",
        "filename": "notebooks/demo_pipeline_ibkr.ipynb",
        "hashed_secret": "e1f9a3f35c6bff77f847a39b4c4a5c9eb2892ecb",
        "is_verified": false,
        "line_number": 32
      },
      {
        "type": "Hex High Entropy String",
        "filename": "notebooks/demo_pipeline_ibkr.ipynb",
        "hashed_secret": "4f248bc40ab0f68e2dceb22e38c52828ee276179",
        "is_verified": false,
        "line_number": 117
      },
      {
        "type": "Hex High Entropy String",
        "filename": "notebooks/demo_pipeline_ibkr.ipynb",
        "hashed_secret": "d73541f2527eda15a3f3ab0018e4047afc81c7eb",
        "is_verified": false,
        "line_number": 127
      },
      {
        "type": "Hex High Entropy String",
        "filename": "notebooks/demo_pipeline_ibkr.ipynb",
        "hashed_secret": "336e39a34addaaa1dcefb999629f7106e531126e",
        "is_verified": false,
        "line_number": 335
      },
      {
        "type": "Hex High Entropy String",
        "filename": "notebooks/demo_pipeline_ibkr.ipynb",
        "hashed_secret": "b98ce2f8214f1c209f6371e4247784ef35088cfb",
        "is_verified": false,
        "line_number": 346
      },
      {
        "type": "Hex High Entropy String",
        "filename": "notebooks/demo_pipeline_ibkr.ipynb",
        "hashed_secret": "0b355e25f86a10feb31c1a21780f1fa47c220cb0",
        "is_verified": false,
        "line_number": 416
      },
      {
        "type": "Hex High Entropy String",
        "filename": "notebooks/demo_pipeline_ibkr.ipynb",
        "hashed_secret": "ed89e7dcaf1777f9efea0ab0797fbd10b2c7d226",
        "is_verified": false,
        "line_number": 427
      },
      {
        "type": "Hex High Entropy String",
        "filename": "notebooks/demo_pipeline_ibkr.ipynb",
        "hashed_secret": "3b098c08c5c3f9aade0f5d78d7a46ed9d6633396",
        "is_verified": false,
        "line_number": 473
      },
      {
        "type": "Hex High Entropy String",
        "filename": "notebooks/demo_pipeline_ibkr.ipynb",
        "hashed_secret": "64ce44107c9383081cb7af635c42e6c9f697924e",
        "is_verified": false,
        "line_number": 484
      },
      {
        "type": "Hex High Entropy String",
        "filename": "notebooks/demo_pipeline_ibkr.ipynb",
        "hashed_secret": "120af08b9008eb12935bb932b84007e204356c71",
        "is_verified": false,
        "line_number": 540
      },
      {
        "type": "Hex High Entropy String",
        "filename": "notebooks/demo_pipeline_ibkr.ipynb",
        "hashed_secret": "e9fea335d59dc693b3646559179efb4c2d5c4fbd",
        "is_verified": false,
        "line_number": 552
      },
      {
        "type": "Hex High Entropy String",
        "filename": "notebooks/demo_pipeline_ibkr.ipynb",
        "hashed_secret": "9e8151d8c3ceca78404381832ab1faa4f2e3f88b",
        "is_verified": false,
        "line_number": 638
      },
      {
        "type": "Hex High Entropy String",
        "filename": "notebooks/demo_pipeline_ibkr.ipynb",
        "hashed_secret": "e44c97e80dd328fe374feab439d6dc4cb0981741",
        "is_verified": false,
        "line_number": 697
      },
      {
        "type": "Hex High Entropy String",
        "filename": "notebooks/demo_pipeline_ibkr.ipynb",
        "hashed_secret": "1f7b9cb4284737fa39ddb6d8a588ac296463e295",
        "is_verified": false,
        "line_number": 709
      },
      {
        "type": "Hex High Entropy String",
        "filename": "notebooks/demo_pipeline_ibkr.ipynb",
        "hashed_secret": "7182ffb1e84fad2fa8b414e150a321a13725ba17",
        "is_verified": false,
        "line_number": 732
      },
      {
        "type": "Hex High Entropy String",
        "filename": "notebooks/demo_pipeline_ibkr.ipynb",
        "hashed_secret": "9a8d5c3a0933fffe7bc4ff3a42eec3f1f843b079",
        "is_verified": false,
        "line_number": 746
      },
      {
        "type": "Hex High Entropy String",
        "filename": "notebooks/demo_pipeline_ibkr.ipynb",
        "hashed_secret": "f16628cc52a06dc75b0c679685dd6a99dc47d7cf",
        "is_verified": false,
        "line_number": 790
      }
    ],
    "packages/core/tests/test_config_core.py": [
      {
        "type": "Hex High Entropy String",
        "filename": "packages/core/tests/test_config_core.py",
        "hashed_secret": "d9b4bea7d51249502511fbea961e286f882045e8",
        "is_verified": false,
        "line_number": 186
      },
      {
        "type": "Hex High Entropy String",
        "filename": "packages/core/tests/test_config_core.py",
        "hashed_secret": "d3ca8d99ec501ed34a1a8a4213984b3c586e8940",
        "is_verified": false,
        "line_number": 189
      },
      {
        "type": "Hex High Entropy String",
        "filename": "packages/core/tests/test_config_core.py",
        "hashed_secret": "16731630601f65f2543e18855823f50cc70c7077",
        "is_verified": false,
        "line_number": 190
      },
      {
        "type": "Hex High Entropy String",
        "filename": "packages/core/tests/test_config_core.py",
        "hashed_secret": "c6644388c57fd5247630a40661c3e897dac59a48",
        "is_verified": false,
        "line_number": 191
      },
      {
        "type": "Hex High Entropy String",
        "filename": "packages/core/tests/test_config_core.py",
        "hashed_secret": "282ba709c6de07cbf5b10863f2ff632db87889e0",
        "is_verified": false,
        "line_number": 192
      },
      {
        "type": "Hex High Entropy String",
        "filename": "packages/core/tests/test_config_core.py",
        "hashed_secret": "4057e9ecfbd5332e155b2fdd322454ceb8d74a7a",
        "is_verified": false,
        "line_number": 458
      },
      {
        "type": "Hex High Entropy String",
        "filename": "packages/core/tests/test_config_core.py",
        "hashed_secret": "e99ee751b272f49b2e66180ac3ef7d0daa1dfb7f",
        "is_verified": false,
        "line_number": 474
      },
      {
        "type": "Hex High Entropy String",
        "filename": "packages/core/tests/test_config_core.py",
        "hashed_secret": "384f583bad53f9b0cd72a430dbe50dc608fa074e",
        "is_verified": false,
        "line_number": 478
      }
    ],
    "packages/core/tests/test_hashing_core.py": [
      {
        "type": "Hex High Entropy String",
        "filename": "packages/core/tests/test_hashing_core.py",
        "hashed_secret": "244f421f896bdcdd2784dccf4eaf7c8dfd5189b5",
        "is_verified": false,
        "line_number": 19
      },
      {
        "type": "Hex High Entropy String",
        "filename": "packages/core/tests/test_hashing_core.py",
        "hashed_secret": "aabc6baa2329644dd4c24ce57ddde468ff64ce8e",
        "is_verified": false,
        "line_number": 20
      }
    ],
    "packages/core/tests/test_paths.py": [
      {
        "type": "Base64 High Entropy String",
        "filename": "packages/core/tests/test_paths.py",
        "hashed_secret": "027ef4104768af1a84c88d53822a4ec93f3ffcb3",
        "is_verified": false,
        "line_number": 87
      }
    ],
    "packages/core/tests/test_provenance_core.py": [
      {
        "type": "Hex High Entropy String",
        "filename": "packages/core/tests/test_provenance_core.py",
        "hashed_secret": "f3cdb2fb07ee26ba2971fe94738347f87a3010e4",
        "is_verified": false,
        "line_number": 153
      }
    ],
    "packages/execution/src/algotrading/execution/booking/password_gate.py": [
      {
        "type": "Secret Keyword",
        "filename": "packages/execution/src/algotrading/execution/booking/password_gate.py",
        "hashed_secret": "e8662cfb96bd9c7fe84c31d76819ec3a92c80e63",
        "is_verified": false,
        "line_number": 74
      },
      {
        "type": "Secret Keyword",
        "filename": "packages/execution/src/algotrading/execution/booking/password_gate.py",
        "hashed_secret": "fff40c8adb113f2d3e35c53fc99583fa34c1594d",
        "is_verified": false,
        "line_number": 75
      }
    ],
    "packages/execution/tests/conftest.py": [
      {
        "type": "Secret Keyword",
        "filename": "packages/execution/tests/conftest.py",
        "hashed_secret": "a621ae711753c066fbfa2dd2d6cbcd8a4eb4f9fc",
        "is_verified": false,
        "line_number": 33
      }
    ],
    "packages/execution/tests/test_booking_commit.py": [
      {
        "type": "Secret Keyword",
        "filename": "packages/execution/tests/test_booking_commit.py",
        "hashed_secret": "a621ae711753c066fbfa2dd2d6cbcd8a4eb4f9fc",
        "is_verified": false,
        "line_number": 60
      }
    ],
    "packages/execution/tests/test_password_gate.py": [
      {
        "type": "Secret Keyword",
        "filename": "packages/execution/tests/test_password_gate.py",
        "hashed_secret": "abf7aad6438836dbe526aa231abde2d0eef74d42",
        "is_verified": false,
        "line_number": 30
      }
    ],
    "packages/infra-ibkr/src/algotrading/infra_ibkr/connectivity/cp_rest_credentials.py": [
      {
        "type": "Secret Keyword",
        "filename": "packages/infra-ibkr/src/algotrading/infra_ibkr/connectivity/cp_rest_credentials.py",
        "hashed_secret": "a90c1fe666b7999c2c2ee5ae965c8d7e190ad33d",
        "is_verified": false,
        "line_number": 53
      }
    ],
    "packages/infra-ibkr/tests/test_cp_rest_credentials.py": [
      {
        "type": "Hex High Entropy String",
        "filename": "packages/infra-ibkr/tests/test_cp_rest_credentials.py",
        "hashed_secret": "a58917c6d5ca9a08326a5bc114ccb5741d8c56fb",
        "is_verified": false,
        "line_number": 30
      },
      {
        "type": "Secret Keyword",
        "filename": "packages/infra-ibkr/tests/test_cp_rest_credentials.py",
        "hashed_secret": "a8574cf4b6e3e30c9621b6de9fe2678364288192",
        "is_verified": false,
        "line_number": 43
      }
    ],
    "packages/infra-ibkr/tests/test_cp_rest_lst_production.py": [
      {
        "type": "Hex High Entropy String",
        "filename": "packages/infra-ibkr/tests/test_cp_rest_lst_production.py",
        "hashed_secret": "3e619ee0820ecf213c2f38c634e416b53defe3b0",
        "is_verified": false,
        "line_number": 46
      },
      {
        "type": "Hex High Entropy String",
        "filename": "packages/infra-ibkr/tests/test_cp_rest_lst_production.py",
        "hashed_secret": "b8e0d506d969f09a9af89ce89fd9759b72c63262",
        "is_verified": false,
        "line_number": 47
      },
      {
        "type": "Hex High Entropy String",
        "filename": "packages/infra-ibkr/tests/test_cp_rest_lst_production.py",
        "hashed_secret": "e97a751edc71e9afbe0c0f63ec94873392833f9f",
        "is_verified": false,
        "line_number": 48
      },
      {
        "type": "Hex High Entropy String",
        "filename": "packages/infra-ibkr/tests/test_cp_rest_lst_production.py",
        "hashed_secret": "92488c021dd524a2f4e116666b3645308fa0e35c",
        "is_verified": false,
        "line_number": 49
      },
      {
        "type": "Hex High Entropy String",
        "filename": "packages/infra-ibkr/tests/test_cp_rest_lst_production.py",
        "hashed_secret": "d4571e2f026f458aecd2950b0eb6aec190276177",
        "is_verified": false,
        "line_number": 50
      },
      {
        "type": "Hex High Entropy String",
        "filename": "packages/infra-ibkr/tests/test_cp_rest_lst_production.py",
        "hashed_secret": "8109d3c2f659f13cb61fc9e71eed574efe8c8fd8",
        "is_verified": false,
        "line_number": 51
      },
      {
        "type": "Hex High Entropy String",
        "filename": "packages/infra-ibkr/tests/test_cp_rest_lst_production.py",
        "hashed_secret": "08cac7461d7b624b88c53ee47da09cbbb84ea290",
        "is_verified": false,
        "line_number": 52
      },
      {
        "type": "Hex High Entropy String",
        "filename": "packages/infra-ibkr/tests/test_cp_rest_lst_production.py",
        "hashed_secret": "61b58b849e9c121d9cba316e490da5fd20e8bd2d",
        "is_verified": false,
        "line_number": 53
      }
    ],
    "packages/infra-ibkr/tests/test_cp_rest_oauth.py": [
      {
        "type": "Secret Keyword",
        "filename": "packages/infra-ibkr/tests/test_cp_rest_oauth.py",
        "hashed_secret": "f44ad3899c2f1a4d8c95464eea950a0b4b6bb72e",
        "is_verified": false,
        "line_number": 44
      },
      {
        "type": "Secret Keyword",
        "filename": "packages/infra-ibkr/tests/test_cp_rest_oauth.py",
        "hashed_secret": "fbd41f3e605b198138d8bf0b89e19737af7f5e2c",
        "is_verified": false,
        "line_number": 45
      },
      {
        "type": "Base64 High Entropy String",
        "filename": "packages/infra-ibkr/tests/test_cp_rest_oauth.py",
        "hashed_secret": "9b527912e44979f9b1582f5da71974af457b8597",
        "is_verified": false,
        "line_number": 78
      }
    ],
    "packages/infra-ibkr/tests/test_live_capture_spine.py": [
      {
        "type": "Hex High Entropy String",
        "filename": "packages/infra-ibkr/tests/test_live_capture_spine.py",
        "hashed_secret": "3e619ee0820ecf213c2f38c634e416b53defe3b0",
        "is_verified": false,
        "line_number": 174
      },
      {
        "type": "Hex High Entropy String",
        "filename": "packages/infra-ibkr/tests/test_live_capture_spine.py",
        "hashed_secret": "b8e0d506d969f09a9af89ce89fd9759b72c63262",
        "is_verified": false,
        "line_number": 175
      },
      {
        "type": "Hex High Entropy String",
        "filename": "packages/infra-ibkr/tests/test_live_capture_spine.py",
        "hashed_secret": "e97a751edc71e9afbe0c0f63ec94873392833f9f",
        "is_verified": false,
        "line_number": 176
      },
      {
        "type": "Hex High Entropy String",
        "filename": "packages/infra-ibkr/tests/test_live_capture_spine.py",
        "hashed_secret": "92488c021dd524a2f4e116666b3645308fa0e35c",
        "is_verified": false,
        "line_number": 177
      },
      {
        "type": "Hex High Entropy String",
        "filename": "packages/infra-ibkr/tests/test_live_capture_spine.py",
        "hashed_secret": "d4571e2f026f458aecd2950b0eb6aec190276177",
        "is_verified": false,
        "line_number": 178
      },
      {
        "type": "Hex High Entropy String",
        "filename": "packages/infra-ibkr/tests/test_live_capture_spine.py",
        "hashed_secret": "8109d3c2f659f13cb61fc9e71eed574efe8c8fd8",
        "is_verified": false,
        "line_number": 179
      },
      {
        "type": "Hex High Entropy String",
        "filename": "packages/infra-ibkr/tests/test_live_capture_spine.py",
        "hashed_secret": "08cac7461d7b624b88c53ee47da09cbbb84ea290",
        "is_verified": false,
        "line_number": 180
      },
      {
        "type": "Hex High Entropy String",
        "filename": "packages/infra-ibkr/tests/test_live_capture_spine.py",
        "hashed_secret": "61b58b849e9c121d9cba316e490da5fd20e8bd2d",
        "is_verified": false,
        "line_number": 181
      }
    ],
    "packages/infra/tests/golden/analytics_pipeline.json": [
      {
        "type": "Hex High Entropy String",
        "filename": "packages/infra/tests/golden/analytics_pipeline.json",
        "hashed_secret": "c63ae0a892bf7cc7f88e5e91558b3f3512668cff",
        "is_verified": false,
        "line_number": 4
      },
      {
        "type": "Hex High Entropy String",
        "filename": "packages/infra/tests/golden/analytics_pipeline.json",
        "hashed_secret": "88c33a655415109a508166551b49fdee69c77051",
        "is_verified": false,
        "line_number": 13
      }
    ],
    "packages/infra/tests/golden/attribution_pf_risk.json": [
      {
        "type": "Hex High Entropy String",
        "filename": "packages/infra/tests/golden/attribution_pf_risk.json",
        "hashed_secret": "94483ab810812e6b2e1e946a012b1744814c7186",
        "is_verified": false,
        "line_number": 32
      }
    ],
    "packages/infra/tests/golden/projected_option_analytics.json": [
      {
        "type": "Hex High Entropy String",
        "filename": "packages/infra/tests/golden/projected_option_analytics.json",
        "hashed_secret": "e258159144aa882b1ace1bfe0bca8fd432a3fffe",
        "is_verified": false,
        "line_number": 12
      }
    ],
    "packages/infra/tests/golden/risk_pf_risk.json": [
      {
        "type": "Hex High Entropy String",
        "filename": "packages/infra/tests/golden/risk_pf_risk.json",
        "hashed_secret": "023e24d41bd951faf5f83f9d51ae71439cbe4c6e",
        "is_verified": false,
        "line_number": 2
      },
      {
        "type": "Hex High Entropy String",
        "filename": "packages/infra/tests/golden/risk_pf_risk.json",
        "hashed_secret": "b9cae6112799111965e60907bf23b6202ebdea8e",
        "is_verified": false,
        "line_number": 3
      }
    ],
    "packages/infra/tests/test_analytics_projection.py": [
      {
        "type": "Hex High Entropy String",
        "filename": "packages/infra/tests/test_analytics_projection.py",
        "hashed_secret": "749ccf2d3a77219e0845872684011fff3772c746",
        "is_verified": false,
        "line_number": 943
      },
      {
        "type": "Hex High Entropy String",
        "filename": "packages/infra/tests/test_analytics_projection.py",
        "hashed_secret": "62be67c1495696e6979586a8d311ea4fa4b7a153",
        "is_verified": false,
        "line_number": 953
      }
    ],
    "packages/infra/tests/test_forwards.py": [
      {
        "type": "Hex High Entropy String",
        "filename": "packages/infra/tests/test_forwards.py",
        "hashed_secret": "ca77c843b1ebe13b1e41e6d382b8906ed0ad73c4",
        "is_verified": false,
        "line_number": 536
      }
    ],
    "packages/infra/tests/test_run_repository.py": [
      {
        "type": "Basic Auth Credentials",
        "filename": "packages/infra/tests/test_run_repository.py",
        "hashed_secret": "9d4e1e23bd5b727046a9e3b4b7db57bd8d6ee684",
        "is_verified": false,
        "line_number": 11
      }
    ],
    "scripts/ibkr_gateway_login.py": [
      {
        "type": "Secret Keyword",
        "filename": "scripts/ibkr_gateway_login.py",
        "hashed_secret": "28602dcea581f9f327ac070de4e7ee6e37d0ebd5",
        "is_verified": false,
        "line_number": 46
      }
    ]
  },
  "generated_at": "2026-06-15T09:54:13Z"
}
